#include <opari2/pomp2_lib.h>

#define POMP2_DLIST_00001 shared(pomp2_region_1,pomp2_region_2)
static POMP2_Region_handle pomp2_region_1 = NULL;
static POMP2_Region_handle pomp2_region_2 = NULL;
#define POMP2_DLIST_00003 shared(pomp2_region_3,pomp2_region_4)
static POMP2_Region_handle pomp2_region_3 = NULL;
static POMP2_Region_handle pomp2_region_4 = NULL;
#define POMP2_DLIST_00005 shared(pomp2_region_5,pomp2_region_6)
static POMP2_Region_handle pomp2_region_5 = NULL;
static POMP2_Region_handle pomp2_region_6 = NULL;
#define POMP2_DLIST_00007 shared(pomp2_region_7,pomp2_region_8)
static POMP2_Region_handle pomp2_region_7 = NULL;
static POMP2_Region_handle pomp2_region_8 = NULL;
#define POMP2_DLIST_00009 shared(pomp2_region_9,pomp2_region_10)
static POMP2_Region_handle pomp2_region_9 = NULL;
static POMP2_Region_handle pomp2_region_10 = NULL;
#define POMP2_DLIST_00011 shared(pomp2_region_11)
static POMP2_Region_handle pomp2_region_11 = NULL;
#define POMP2_DLIST_00012 shared(pomp2_region_12)
static POMP2_Region_handle pomp2_region_12 = NULL;
#define POMP2_DLIST_00013 shared(pomp2_region_13,pomp2_region_14)
static POMP2_Region_handle pomp2_region_13 = NULL;
static POMP2_Region_handle pomp2_region_14 = NULL;
#define POMP2_DLIST_00015 shared(pomp2_region_15,pomp2_region_16,pomp2_region_17,pomp2_region_18,pomp2_region_19,pomp2_region_20)
static POMP2_Region_handle pomp2_region_15 = NULL;
static POMP2_Region_handle pomp2_region_16 = NULL;
static POMP2_Region_handle pomp2_region_17 = NULL;
static POMP2_Region_handle pomp2_region_18 = NULL;
static POMP2_Region_handle pomp2_region_19 = NULL;
static POMP2_Region_handle pomp2_region_20 = NULL;

void POMP2_Init_regions_000()
{
    POMP2_Assign_handle( &pomp2_region_1, "60*regionType=parallel*sscl=test3.c:32:32*escl=test3.c:39:39**" );
    POMP2_Assign_handle( &pomp2_region_2, "55*regionType=for*sscl=test3.c:34:34*escl=test3.c:38:38**" );
    POMP2_Assign_handle( &pomp2_region_3, "60*regionType=parallel*sscl=test3.c:41:41*escl=test3.c:46:46**" );
    POMP2_Assign_handle( &pomp2_region_4, "55*regionType=for*sscl=test3.c:42:42*escl=test3.c:46:46**" );
    POMP2_Assign_handle( &pomp2_region_5, "60*regionType=parallel*sscl=test3.c:48:48*escl=test3.c:53:53**" );
    POMP2_Assign_handle( &pomp2_region_6, "58*regionType=master*sscl=test3.c:50:50*escl=test3.c:52:52**" );
    POMP2_Assign_handle( &pomp2_region_7, "60*regionType=parallel*sscl=test3.c:55:55*escl=test3.c:59:59**" );
    POMP2_Assign_handle( &pomp2_region_8, "58*regionType=single*sscl=test3.c:57:57*escl=test3.c:58:58**" );
    POMP2_Assign_handle( &pomp2_region_9, "60*regionType=parallel*sscl=test3.c:61:61*escl=test3.c:63:63**" );
    POMP2_Assign_handle( &pomp2_region_10, "60*regionType=critical*sscl=test3.c:62:62*escl=test3.c:63:63**" );
    POMP2_Assign_handle( &pomp2_region_11, "60*regionType=parallel*sscl=test3.c:69:69*escl=test3.c:81:81**" );
    POMP2_Assign_handle( &pomp2_region_12, "60*regionType=parallel*sscl=test3.c:71:71*escl=test3.c:80:80**" );
    POMP2_Assign_handle( &pomp2_region_13, "60*regionType=parallel*sscl=test3.c:73:73*escl=test3.c:79:79**" );
    POMP2_Assign_handle( &pomp2_region_14, "55*regionType=for*sscl=test3.c:75:75*escl=test3.c:78:78**" );
    POMP2_Assign_handle( &pomp2_region_15, "62*regionType=parallel*sscl=test3.c:87:87*escl=test3.c:121:121**" );
    POMP2_Assign_handle( &pomp2_region_16, "55*regionType=for*sscl=test3.c:89:89*escl=test3.c:94:94**" );
    POMP2_Assign_handle( &pomp2_region_17, "57*regionType=for*sscl=test3.c:96:96*escl=test3.c:103:103**" );
    POMP2_Assign_handle( &pomp2_region_18, "59*regionType=for*sscl=test3.c:105:105*escl=test3.c:108:108**" );
    POMP2_Assign_handle( &pomp2_region_19, "59*regionType=for*sscl=test3.c:110:110*escl=test3.c:114:114**" );
    POMP2_Assign_handle( &pomp2_region_20, "59*regionType=for*sscl=test3.c:116:116*escl=test3.c:120:120**" );
}
