#include <opari2/pomp2_lib.h>

#define POMP2_DLIST_00001 shared(pomp2_region_1,pomp2_region_2,pomp2_region_3,pomp2_region_4,pomp2_region_5,pomp2_region_6,pomp2_region_7,pomp2_region_8,pomp2_region_9,pomp2_region_10,pomp2_region_11,pomp2_region_12)
static POMP2_Region_handle pomp2_region_1 = NULL;
static POMP2_Region_handle pomp2_region_2 = NULL;
static POMP2_Region_handle pomp2_region_3 = NULL;
static POMP2_Region_handle pomp2_region_4 = NULL;
static POMP2_Region_handle pomp2_region_5 = NULL;
static POMP2_Region_handle pomp2_region_6 = NULL;
static POMP2_Region_handle pomp2_region_7 = NULL;
static POMP2_Region_handle pomp2_region_8 = NULL;
static POMP2_Region_handle pomp2_region_9 = NULL;
static POMP2_Region_handle pomp2_region_10 = NULL;
static POMP2_Region_handle pomp2_region_11 = NULL;
static POMP2_Region_handle pomp2_region_12 = NULL;
#define POMP2_DLIST_00013 shared(pomp2_region_13,pomp2_region_15)
static POMP2_Region_handle pomp2_region_13 = NULL;
#define POMP2_DLIST_00014 shared(pomp2_region_14)
static POMP2_Region_handle pomp2_region_14 = NULL;
static POMP2_Region_handle pomp2_region_15 = NULL;

void POMP2_Init_regions_000()
{
    POMP2_Assign_handle( &pomp2_region_1, "60*regionType=parallel*sscl=test2.c:34:34*escl=test2.c:89:89**" );
    POMP2_Assign_handle( &pomp2_region_2, "55*regionType=for*sscl=test2.c:38:38*escl=test2.c:42:42**" );
    POMP2_Assign_handle( &pomp2_region_3, "55*regionType=flush*sscl=test2.c:44:44*escl=test2.c:0:0**" );
    POMP2_Assign_handle( &pomp2_region_4, "57*regionType=barrier*sscl=test2.c:46:46*escl=test2.c:0:0**" );
    POMP2_Assign_handle( &pomp2_region_5, "68*regionType=for*sscl=test2.c:48:48*escl=test2.c:54:54*hasOrdered=1**" );
    POMP2_Assign_handle( &pomp2_region_6, "59*regionType=ordered*sscl=test2.c:50:50*escl=test2.c:53:53**" );
    POMP2_Assign_handle( &pomp2_region_7, "74*regionType=sections*sscl=test2.c:56:56*escl=test2.c:62:62*numSections=2**" );
    POMP2_Assign_handle( &pomp2_region_8, "58*regionType=master*sscl=test2.c:64:64*escl=test2.c:67:67**" );
    POMP2_Assign_handle( &pomp2_region_9, "60*regionType=critical*sscl=test2.c:69:69*escl=test2.c:72:72**" );
    POMP2_Assign_handle( &pomp2_region_10, "80*regionType=critical*sscl=test2.c:74:74*escl=test2.c:77:77*criticalName=foobar**" );
    POMP2_Assign_handle( &pomp2_region_11, "58*regionType=atomic*sscl=test2.c:79:79*escl=test2.c:82:82**" );
    POMP2_Assign_handle( &pomp2_region_12, "58*regionType=single*sscl=test2.c:85:85*escl=test2.c:88:88**" );
    POMP2_Assign_handle( &pomp2_region_13, "60*regionType=parallel*sscl=test2.c:91:91*escl=test2.c:99:99**" );
    POMP2_Assign_handle( &pomp2_region_14, "56*regionType=task*sscl=test2.c:93:93*escl=test2.c:96:96**" );
    POMP2_Assign_handle( &pomp2_region_15, "58*regionType=taskwait*sscl=test2.c:98:98*escl=test2.c:0:0**" );
}
