      INTEGER( KIND=8 ) :: pomp2_region_1
      INTEGER( KIND=8 ) :: pomp2_region_2
      INTEGER( KIND=8 ) :: pomp2_region_3
      INTEGER( KIND=8 ) :: pomp2_region_4
      INTEGER( KIND=8 ) :: pomp2_region_5
      INTEGER( KIND=8 ) :: pomp2_region_6

      integer ( kind=4 ) :: pomp2_lib_get_max_threads
      logical :: pomp2_test_lock
      integer ( kind=4 ) :: pomp2_test_nest_lock
      integer ( kind=8 ) :: pomp2_old_task, pomp2_new_task 
      logical :: pomp_if 
      integer ( kind=4 ) :: pomp_num_threads 
      common /cb000/ pomp2_region_1,&
              pomp2_region_2,&
              pomp2_region_3,&
              pomp2_region_4,&
              pomp2_region_5,&
              pomp2_region_6
