#include <opari2/pomp2_lib.h>


void POMP2_Init_regions_000()
{
}
