      INTEGER*8 pomp2_region_1
      INTEGER*8 pomp2_region_2
      INTEGER*8 pomp2_region_3

      integer*4 pomp2_lib_get_max_threads
      logical pomp2_test_lock
      integer*4 pomp2_test_nest_lock
      integer*8 pomp2_old_task, pomp2_new_task 
      logical pomp_if 
      integer*4 pomp_num_threads 
      common /cb000/ pomp2_region_1,
     &          pomp2_region_2,
     &          pomp2_region_3
