#include <opari2/pomp2_lib.h>

static POMP2_Region_handle pomp2_region_1 = NULL;
#define POMP2_DLIST_00002 shared(pomp2_region_2)
static POMP2_Region_handle pomp2_region_2 = NULL;
#define POMP2_DLIST_00003 shared(pomp2_region_3)
static POMP2_Region_handle pomp2_region_3 = NULL;
#define POMP2_DLIST_00004 shared(pomp2_region_4,pomp2_region_5,pomp2_region_6)
static POMP2_Region_handle pomp2_region_4 = NULL;
static POMP2_Region_handle pomp2_region_5 = NULL;
static POMP2_Region_handle pomp2_region_6 = NULL;

void POMP2_Init_regions_000()
{
    POMP2_Assign_handle( &pomp2_region_1, "77*regionType=region*sscl=test7.c:30:30*escl=test7.c:64:64*userRegionName=foo**" );
    POMP2_Assign_handle( &pomp2_region_2, "60*regionType=parallel*sscl=test7.c:32:32*escl=test7.c:33:33**" );
    POMP2_Assign_handle( &pomp2_region_3, "60*regionType=parallel*sscl=test7.c:42:42*escl=test7.c:43:43**" );
    POMP2_Assign_handle( &pomp2_region_4, "60*regionType=parallel*sscl=test7.c:50:50*escl=test7.c:57:57**" );
    POMP2_Assign_handle( &pomp2_region_5, "80*regionType=region*sscl=test7.c:52:52*escl=test7.c:56:56*userRegionName=phase1**" );
    POMP2_Assign_handle( &pomp2_region_6, "57*regionType=barrier*sscl=test7.c:54:54*escl=test7.c:0:0**" );
}
